<?xml version="1.0" encoding="UTF-8"?>
<TestRun id="3d4074da-5672-4afa-ad5a-10871a6eb640" name="Aurélien@PC-DE-AURÉLIEN 2011-01-26 15:21:38" runUser="PC-de-Aurélien\Aurélien" xmlns="http://microsoft.com/schemas/VisualStudio/TeamTest/2010">
  <TestSettings name="Local" id="d87c4595-4a7a-4e85-a019-6fc3e6215455">
    <Description>Il s'agit des paramètres de test par défaut pour une série de tests locale.</Description>
    <Deployment enabled="false" runDeploymentRoot="Aurélien_PC-DE-AURÉLIEN 2011-01-26 15_21_38" />
    <Execution>
      <TestTypeSpecific />
      <AgentRule name="Execution Agents">
      </AgentRule>
    </Execution>
  </TestSettings>
  <Times creation="2011-01-26T15:21:38.8933870+01:00" queuing="2011-01-26T15:21:50.1123955+01:00" start="2011-01-26T15:21:50.6065045+01:00" finish="2011-01-26T15:21:52.2011290+01:00" />
  <ResultSummary outcome="Completed">
    <Counters total="1" executed="1" passed="1" error="0" failed="0" timeout="0" aborted="0" inconclusive="0" passedButRunAborted="0" notRunnable="0" notExecuted="0" disconnected="0" warning="0" completed="0" inProgress="0" pending="0" />
  </ResultSummary>
  <TestDefinitions>
    <UnitTest name="TestMethod1" storage="c:\users\aurélien\desktop\canon noir\canonnoir\debug\defaulttest.dll" id="c4afec11-d1bd-3286-6403-a4902473d203">
      <Execution id="91ede87d-1a55-4927-81d5-939a87f8938a" />
      <TestMethod codeBase="C:/Users/Aurélien/Desktop/canon noir/CanonNoir/Debug/DefaultTest.DLL" adapterTypeName="Microsoft.VisualStudio.TestTools.TestTypes.Unit.UnitTestAdapter, Microsoft.VisualStudio.QualityTools.Tips.UnitTest.Adapter, Version=10.0.0.0, Culture=neutral, PublicKeyToken=b03f5f7f11d50a3a" className="TestProjectCanonNoir.Test_unitaire_1, DefaultTest, Version=1.0.4043.27647, Culture=neutral, PublicKeyToken=null" name="TestMethod1" />
    </UnitTest>
  </TestDefinitions>
  <TestLists>
    <TestList name="Les résultats ne figurent pas dans une liste" id="8c84fa94-04c1-424b-9868-57a2d4851a1d" />
    <TestList name="Tous les résultats chargés" id="19431567-8539-422a-85d7-44ee4e166bda" />
  </TestLists>
  <TestEntries>
    <TestEntry testId="c4afec11-d1bd-3286-6403-a4902473d203" executionId="91ede87d-1a55-4927-81d5-939a87f8938a" testListId="8c84fa94-04c1-424b-9868-57a2d4851a1d" />
  </TestEntries>
  <Results>
    <UnitTestResult executionId="91ede87d-1a55-4927-81d5-939a87f8938a" testId="c4afec11-d1bd-3286-6403-a4902473d203" testName="TestMethod1" computerName="PC-DE-AURÉLIEN" duration="00:00:00.0520010" startTime="2011-01-26T15:21:50.7178255+01:00" endTime="2011-01-26T15:21:52.0077820+01:00" testType="13cdc9d9-ddb5-4fa4-a97d-d965ccfc6d4b" outcome="Passed" testListId="8c84fa94-04c1-424b-9868-57a2d4851a1d" relativeResultsDirectory="91ede87d-1a55-4927-81d5-939a87f8938a">
    </UnitTestResult>
  </Results>
</TestRun>